<testsuites id="" name="" tests="6" failures="0" skipped="0" errors="0" time="19.706872999999998">
<testsuite name="registration.spec.ts" timestamp="2025-12-08T13:27:07.344Z" hostname="chromium" tests="2" failures="0" skipped="0" time="6.579" errors="0">
<testcase name="User Registration › should expand the form for registration" classname="registration.spec.ts" time="2.112">
</testcase>
<testcase name="User Registration › should create an account and redirect to cv-creation" classname="registration.spec.ts" time="4.467">
</testcase>
</testsuite>
<testsuite name="registration.spec.ts" timestamp="2025-12-08T13:27:07.344Z" hostname="firefox" tests="2" failures="0" skipped="0" time="10.66" errors="0">
<testcase name="User Registration › should expand the form for registration" classname="registration.spec.ts" time="4.573">
</testcase>
<testcase name="User Registration › should create an account and redirect to cv-creation" classname="registration.spec.ts" time="6.087">
</testcase>
</testsuite>
<testsuite name="registration.spec.ts" timestamp="2025-12-08T13:27:07.344Z" hostname="webkit" tests="2" failures="0" skipped="0" time="8.944" errors="0">
<testcase name="User Registration › should expand the form for registration" classname="registration.spec.ts" time="3.89">
</testcase>
<testcase name="User Registration › should create an account and redirect to cv-creation" classname="registration.spec.ts" time="5.054">
</testcase>
</testsuite>
</testsuites>